// Jest Snapshot v1, https://goo.gl/fbAQLP

exports[`Home component renders Home 1`] = `
<main
  className="Home"
>
  <h2>
    A markdown editor that allows our customers to edit markdown files and see a preview.
  </h2>
  <img
    src="..\\\\..\\\\public\\\\images\\\\example.jpg"
  />
</main>
`;
