// Jest Snapshot v1, https://goo.gl/fbAQLP

exports[`About component renders About 1`] = `
<main
  className="About"
>
  <Developers />
</main>
`;
